// Jest Snapshot v1, https://goo.gl/fbAQLP

exports[`Input component sanity matches default snapshot 1`] = `
.c0 {
  box-sizing: border-box;
  color: #000A28;
  background-color: #ffffff;
  font-family: inherit;
  font-size: 16px;
  line-height: initial;
  height: 48px;
  padding-left: 20px;
  padding-right: 20px;
  border: 1px solid transparent;
  border-color: #C2C4CC;
  border-radius: 4px;
}

.c0 {
  -webkit-appearance: none;
  -moz-appearance: none;
  appearance: none;
}

.c0:hover {
  box-shadow: 0px 3px 6px rgba(0,10,40,0.06);
}

.c0:focus {
  outline: none;
  border-color: #1A5AFE;
}

.c0:disabled {
  background-color: #F8F8F9;
  pointer-events: none;
}

.c0::-webkit-input-placeholder {
  color: #777C8C;
}

.c0::-moz-placeholder {
  color: #777C8C;
}

.c0:-ms-input-placeholder {
  color: #777C8C;
}

.c0::placeholder {
  color: #777C8C;
}

.c0[type="color"] {
  min-width: 3rem;
  padding: 0;
}

.c0[type="color"]::-webkit-color-swatch-wrapper {
  display: -webkit-box;
  display: -webkit-flex;
  display: -ms-flexbox;
  display: flex;
  -webkit-align-items: center;
  -webkit-box-align: center;
  -ms-flex-align: center;
  align-items: center;
  -webkit-box-pack: center;
  -webkit-justify-content: center;
  -ms-flex-pack: center;
  justify-content: center;
  padding: 0;
}

.c0[type="color"]::-webkit-color-swatch {
  -webkit-flex: 0 0 auto;
  -ms-flex: 0 0 auto;
  flex: 0 0 auto;
  height: 2rem;
  width: 2rem;
  border: none;
  border-radius: 100%;
}

.c0[type="color"]::-moz-color-swatch {
  height: 2rem;
  width: 2rem;
  border: none;
  border-radius: 100%;
}

.was-validated .c0:invalid {
  border-color: #E58989;
  background: #FCF5F5;
}

.was-validated .c0:invalid:focus {
  border-color: #1A5AFE;
}

<input
  class="c0"
  color="text"
  font-family="inherit"
  font-size="default"
  height="48px"
/>
`;

exports[`Input component sanity matches themed snapshot 1`] = `
.c0 {
  box-sizing: border-box;
  color: #000A28;
  background-color: #ffffff;
  font-family: inherit;
  font-size: 16px;
  line-height: initial;
  height: 48px;
  padding-left: 20px;
  padding-right: 20px;
  border: 1px solid transparent;
  border-color: #C2C4CC;
  border-radius: 4px;
}

.c0 {
  -webkit-appearance: none;
  -moz-appearance: none;
  appearance: none;
}

.c0:hover {
  box-shadow: 0px 3px 6px rgba(0,10,40,0.06);
}

.c0:focus {
  outline: none;
  border-color: #1A5AFE;
}

.c0:disabled {
  background-color: #F8F8F9;
  pointer-events: none;
}

.c0::-webkit-input-placeholder {
  color: #777C8C;
}

.c0::-moz-placeholder {
  color: #777C8C;
}

.c0:-ms-input-placeholder {
  color: #777C8C;
}

.c0::placeholder {
  color: #777C8C;
}

.c0[type="color"] {
  min-width: 3rem;
  padding: 0;
}

.c0[type="color"]::-webkit-color-swatch-wrapper {
  display: -webkit-box;
  display: -webkit-flex;
  display: -ms-flexbox;
  display: flex;
  -webkit-align-items: center;
  -webkit-box-align: center;
  -ms-flex-align: center;
  align-items: center;
  -webkit-box-pack: center;
  -webkit-justify-content: center;
  -ms-flex-pack: center;
  justify-content: center;
  padding: 0;
}

.c0[type="color"]::-webkit-color-swatch {
  -webkit-flex: 0 0 auto;
  -ms-flex: 0 0 auto;
  flex: 0 0 auto;
  height: 2rem;
  width: 2rem;
  border: none;
  border-radius: 100%;
}

.c0[type="color"]::-moz-color-swatch {
  height: 2rem;
  width: 2rem;
  border: none;
  border-radius: 100%;
}

.was-validated .c0:invalid {
  border-color: #E58989;
  background: #FCF5F5;
}

.was-validated .c0:invalid:focus {
  border-color: #1A5AFE;
}

<input
  class="c0"
  color="text"
  font-family="inherit"
  font-size="default"
  height="48px"
/>
`;
